<html>
<body>
<pre>
<h1>µVision Build Log</h1>
<h2>Project:</h2>
C:\Keil\timer\timer.uvproj
Project File Date:  03/14/2020

<h2>Output:</h2>
Build target 'Target 1'
compiling main.c...
main.c(76): warning:  #550-D: variable "delay" was set but never used
         uint32_t delay;
main.c(226): warning:  #1-D: last line of file ends without a newline
  }
main.c: 2 warnings, 0 errors
linking...
Program Size: Code=776 RO-data=636 RW-data=0 ZI-data=608  
".\timer.axf" - 0 Error(s), 2 Warning(s).
</pre>
</body>
</html>
g(s).
